env: load .env
env: export PERSONAL_KEY EXPO_PUBLIC_MANGADEX_CLIENT_ID EXPO_PUBLIC_SUPABASE_URL EXPO_PUBLIC_SUPABASE_ANON_KEY
Starting project at C:\Users\Lenovo\Desktop\WebDev\MangaApp
Starting Metro Bundler
warning: Bundler cache is empty, rebuilding (this may take a minute)
Tunnel connected.
Tunnel ready.
Waiting on http://localhost:8081
Logs for your project will appear below.
Android node_modules\expo-router\entry.js ░░░░░░░░░░░░░░░░  0.0% (0/1)
Android node_modules\expo-router\entry.js ▓▓▓░░░░░░░░░░░░░ 20.0% (23/57)
Android node_modules\expo-router\entry.js ▓▓▓░░░░░░░░░░░░░ 20.0% (131/315)
Android node_modules\expo-router\entry.js ▓▓▓▓▓▓░░░░░░░░░░ 38.6% (327/540)
Android node_modules\expo-router\entry.js ▓▓▓▓▓▓▓▓▓░░░░░░░ 58.5% (525/703)
Android node_modules\expo-router\entry.js ▓▓▓▓▓▓▓▓▓▓▓░░░░░ 70.1% (641/782)
Android node_modules\expo-router\entry.js ▓▓▓▓▓▓▓▓▓▓▓░░░░░ 70.1% (761/923)
Android node_modules\expo-router\entry.js ▓▓▓▓▓▓▓▓▓▓▓░░░░░ 73.9% ( 906/1066)
Android node_modules\expo-router\entry.js ▓▓▓▓▓▓▓▓▓▓▓▓▓▓░░ 88.0% (1141/1216)
Android node_modules\expo-router\entry.js ▓▓▓▓▓▓▓▓▓▓▓▓▓▓▓░ 94.4% (1341/1428)
Android node_modules\expo-router\entry.js ▓▓▓▓▓▓▓▓▓▓▓▓▓▓▓░ 99.9% (1564/1564)
Android Bundled 35601ms node_modules\expo-router\entry.js (1564 modules)
Android node_modules\expo\AppEntry.js ░░░░░░░░░░░░░░░░  0.0% (0/1)
Android Bundling failed 21ms node_modules\expo\AppEntry.js (1 module)
Unable to resolve "../../App" from "node_modules\expo\AppEntry.js"
[0m [90m 1 |[39m [36mimport[39m registerRootComponent [36mfrom[39m [32m'expo/src/launch/registerRootComponent'[39m[33m;[39m
 [90m 2 |[39m
[31m[1m>[22m[39m[90m 3 |[39m [36mimport[39m [33mApp[39m [36mfrom[39m [32m'../../App'[39m[33m;[39m
 [90m   |[39m                  [31m[1m^[22m[39m
 [90m 4 |[39m
 [90m 5 |[39m registerRootComponent([33mApp[39m)[33m;[39m
 [90m 6 |[39m[0m

Import stack:

 node_modules\expo\AppEntry.js
 | import "../../App"

 
 | import "./node_modules/expo/AppEntry"

Android node_modules\expo-router\entry.js ▓▓▓░░░░░░░░░░░░░ 21.2% (161/425)
Android node_modules\expo-router\entry.js ▓▓▓▓░░░░░░░░░░░░ 28.8% (342/637)
Android node_modules\expo-router\entry.js ▓▓▓▓▓▓▓░░░░░░░░░ 44.1% (570/858)
Android node_modules\expo-router\entry.js ▓▓▓▓▓▓▓▓▓░░░░░░░ 57.0% (722/967)
Android node_modules\expo-router\entry.js ▓▓▓▓▓▓▓▓▓░░░░░░░ 62.1% ( 915/1161)
Android node_modules\expo-router\entry.js ▓▓▓▓▓▓▓▓▓▓▓░░░░░ 73.8% (1086/1264)
Android node_modules\expo-router\entry.js ▓▓▓▓▓▓▓▓▓▓▓▓▓▓░░ 93.7% (1318/1363)
Android node_modules\expo-router\entry.js ▓▓▓▓▓▓▓▓▓▓▓▓▓▓▓░ 99.1% (1536/1559)
Android Bundled 28652ms node_modules\expo-router\entry.js (1564 modules)
Android node_modules\expo-router\entry.js ░░░░░░░░░░░░░░░░  0.0% (0/1)
Android node_modules\expo-router\entry.js ▓▓░░░░░░░░░░░░░░ 17.8% (201/477)
Android node_modules\expo-router\entry.js ▓▓▓▓▓░░░░░░░░░░░ 36.8% (427/706)
Android node_modules\expo-router\entry.js ▓▓▓▓▓▓▓▓▓░░░░░░░ 58.0% (734/965)
Android node_modules\expo-router\entry.js ▓▓▓▓▓▓▓▓▓▓░░░░░░ 64.9% ( 874/1111)
Android node_modules\expo-router\entry.js ▓▓▓▓▓▓▓▓▓▓▓░░░░░ 72.9% (1069/1252)
Android node_modules\expo-router\entry.js ▓▓▓▓▓▓▓▓▓▓▓▓▓▓▓░ 95.8% (1351/1380)
Android Bundled 23982ms node_modules\expo-router\entry.js (1564 modules)
